22:13:23 **** Incremental Build of configuration Debug for project keypad ****
make -j11 all 
arm-none-eabi-gcc "../Src/initialize.c" -mcpu=cortex-m4 -std=gnu11 -g3 -DDEBUG -DNUCLEO_F411RE -DSTM32 -DSTM32F4 -DSTM32F411RETx -c -I../Inc -O0 -ffunction-sections -fdata-sections -Wall -fstack-usage -fcyclomatic-complexity -MMD -MP -MF"Src/initialize.d" -MT"Src/initialize.o" --specs=nano.specs -mfpu=fpv4-sp-d16 -mfloat-abi=hard -mthumb -o "Src/initialize.o"
arm-none-eabi-gcc -o "keypad.elf" @"objects.list"   -mcpu=cortex-m4 -T"/Users/alessandro.nardinelli/Documents/Embedded-C/my_workspace/target/keypad/STM32F411RETX_FLASH.ld" --specs=nosys.specs -Wl,-Map="keypad.map" -Wl,--gc-sections -static --specs=nano.specs -mfpu=fpv4-sp-d16 -mfloat-abi=hard -mthumb -Wl,--start-group -lc -lm -Wl,--end-group
Finished building target: keypad.elf
 
arm-none-eabi-size  keypad.elf 
arm-none-eabi-objdump -h -S keypad.elf  > "keypad.list"
   text	   data	    bss	    dec	    hex	filename
    676	      0	   1568	   2244	    8c4	keypad.elf
Finished building: default.size.stdout
 
Finished building: keypad.list
 
