12:46:47 **** Incremental Build of configuration Debug for project LED_RAW_TEST ****
make -j11 all 
arm-none-eabi-gcc "../Src/blink_led.c" -mcpu=cortex-m4 -std=gnu11 -g3 -DDEBUG -DNUCLEO_F411RE -DSTM32 -DSTM32F4 -DSTM32F411RETx -c -I../Inc -O0 -ffunction-sections -fdata-sections -Wall -fstack-usage -fcyclomatic-complexity -MMD -MP -MF"Src/blink_led.d" -MT"Src/blink_led.o" --specs=nano.specs -mfpu=fpv4-sp-d16 -mfloat-abi=hard -mthumb -o "Src/blink_led.o"
../Src/blink_led.c:8:2: warning: #import is a deprecated GCC extension [-Wdeprecated]
    8 | #import "blink_led.h"
      |  ^~~~~~
In file included from ../Src/blink_led.c:9:
../Inc/init.h:22:17: warning: 'pGPIOA_MODE_OUT' defined but not used [-Wunused-variable]
   22 | static int32_t *pGPIOA_MODE_OUT = (int32_t *)   0x40020000; // Address for GPIOA_MODER
      |                 ^~~~~~~~~~~~~~~
../Inc/init.h:21:17: warning: 'pGPIOA_CLK_EN' defined but not used [-Wunused-variable]
   21 | static int32_t *pGPIOA_CLK_EN = (int32_t *)     0x40023830; // address for RCC_ AHB1ENR
      |                 ^~~~~~~~~~~~~
../Inc/init.h:19:18: warning: 'pGPIOC_INDR' defined but not used [-Wunused-variable]
   19 | static int32_t  *pGPIOC_INDR = (int32_t *)              0x40020810; // Address for GPIOC_IDR (input data register)
      |                  ^~~~~~~~~~~
../Inc/init.h:18:18: warning: 'pGPIOC_MODE_IN' defined but not used [-Wunused-variable]
   18 | static int32_t  *pGPIOC_MODE_IN = (int32_t *)   0x40020800; // Address for GPIOC_MODER
      |                  ^~~~~~~~~~~~~~
../Inc/init.h:17:17: warning: 'pGPIOC_CLK_EN' defined but not used [-Wunused-variable]
   17 | static int32_t *pGPIOC_CLK_EN = (int32_t *)     0x40023830; // address for RCC_ AHB1ENR
      |                 ^~~~~~~~~~~~~
In file included from ../Src/blink_led.c:8:
../Inc/blink_led.h:21:16: warning: 'boardLedStatus' defined but not used [-Wunused-variable]
   21 | static uint8_t boardLedStatus = OFF;
      |                ^~~~~~~~~~~~~~
arm-none-eabi-gcc -o "LED_RAW_TEST.elf" @"objects.list"   -mcpu=cortex-m4 -T"/Users/alessandro.nardinelli/Documents/Embedded-C/my_workspace/target/LED_RAW_TEST/STM32F411RETX_FLASH.ld" --specs=nosys.specs -Wl,-Map="LED_RAW_TEST.map" -Wl,--gc-sections -static --specs=nano.specs -mfpu=fpv4-sp-d16 -mfloat-abi=hard -mthumb -Wl,--start-group -lc -lm -Wl,--end-group
Finished building target: LED_RAW_TEST.elf
 
arm-none-eabi-size  LED_RAW_TEST.elf 
arm-none-eabi-objdump -h -S LED_RAW_TEST.elf  > "LED_RAW_TEST.list"
   text	   data	    bss	    dec	    hex	filename
   1060	     24	   1568	   2652	    a5c	LED_RAW_TEST.elf
Finished building: default.size.stdout
 
Finished building: LED_RAW_TEST.list
 
12:46:51 **** Incremental Build of configuration Debug for project LED_RAW_TEST ****
make -j11 all 
arm-none-eabi-size  LED_RAW_TEST.elf 
   text	   data	    bss	    dec	    hex	filename
   1060	     24	   1568	   2652	    a5c	LED_RAW_TEST.elf
Finished building: default.size.stdout
 
